#-----------------------------------------------------------
# Vivado v2024.2 (64-bit)
# SW Build 5239630 on Fri Nov 08 22:34:34 MST 2024
# IP Build 5239520 on Sun Nov 10 16:12:51 MST 2024
# SharedData Build 5239561 on Fri Nov 08 14:39:27 MST 2024
# Start of session at: Tue Jun 17 02:16:37 2025
# Process ID         : 4235
# Current directory  : /home/cesare/Uni/Progetto-ASDI-2025/8_prova_esame/Project
# Command line       : vivado project_provadesame.xpr
# Log file           : /home/cesare/Uni/Progetto-ASDI-2025/8_prova_esame/Project/vivado.log
# Journal file       : /home/cesare/Uni/Progetto-ASDI-2025/8_prova_esame/Project/vivado.jou
# Running On         : cesare-desktop
# Platform           : Ubuntu
# Operating System   : Ubuntu 24.04.2 LTS
# Processor Detail   : AMD Ryzen 5 7600X 6-Core Processor
# CPU Frequency      : 4924.690 MHz
# CPU Physical cores : 6
# CPU Logical cores  : 12
# Host memory        : 32792 MB
# Swap memory        : 8589 MB
# Total Virtual      : 41382 MB
# Available Virtual  : 39840 MB
#-----------------------------------------------------------
start_gui
open_project project_provadesame.xpr
update_compile_order -fileset sources_1
launch_simulation
open_wave_config /home/cesare/Uni/Progetto-ASDI-2025/8_prova_esame/Project/sys_tb_behav.wcfg
source sys_tb.tcl
current_wave_config {sys_tb_behav.wcfg}
add_wave {{/sys_tb/uut/a_unit/uc/stato_corrente}} 
current_wave_config {sys_tb_behav.wcfg}
add_wave {{/sys_tb/uut/b_unit/uc/stato_corrente}} 
current_wave_config {sys_tb_behav.wcfg}
add_wave {{/sys_tb/uut/b_unit/uc/ack}} 
current_wave_config {sys_tb_behav.wcfg}
add_wave {{/sys_tb/uut/b_unit/uc/req}} 
current_wave_config {sys_tb_behav.wcfg}
add_wave {{/sys_tb/uut/a_unit/uc/req}} 
current_wave_config {sys_tb_behav.wcfg}
add_wave {{/sys_tb/uut/a_unit/uc/ack}} 
save_wave_config {/home/cesare/Uni/Progetto-ASDI-2025/8_prova_esame/Project/sys_tb_behav.wcfg}
close_sim
launch_simulation
open_wave_config /home/cesare/Uni/Progetto-ASDI-2025/8_prova_esame/Project/sys_tb_behav.wcfg
source sys_tb.tcl
close_sim
