#-----------------------------------------------------------
# Vivado v2024.2 (64-bit)
# SW Build 5239630 on Fri Nov 08 22:34:34 MST 2024
# IP Build 5239520 on Sun Nov 10 16:12:51 MST 2024
# SharedData Build 5239561 on Fri Nov 08 14:39:27 MST 2024
# Start of session at: Wed Apr  2 13:50:03 2025
# Process ID         : 36044
# Current directory  : /home/cesare/Uni/Progetto-ASDI-2025/test+/project_1.runs/impl_1
# Command line       : vivado -log button_test.vdi -applog -product Vivado -messageDb vivado.pb -mode batch -source button_test.tcl -notrace
# Log file           : /home/cesare/Uni/Progetto-ASDI-2025/test+/project_1.runs/impl_1/button_test.vdi
# Journal file       : /home/cesare/Uni/Progetto-ASDI-2025/test+/project_1.runs/impl_1/vivado.jou
# Running On         : cesare-desktop
# Platform           : Ubuntu
# Operating System   : Ubuntu 24.04.2 LTS
# Processor Detail   : AMD Ryzen 5 7600X 6-Core Processor
# CPU Frequency      : 5257.324 MHz
# CPU Physical cores : 6
# CPU Logical cores  : 12
# Host memory        : 32792 MB
# Swap memory        : 8589 MB
# Total Virtual      : 41382 MB
# Available Virtual  : 32911 MB
#-----------------------------------------------------------
source button_test.tcl -notrace
